<html>
<body>
<pre>
<h1>µVision Build Log</h1>
<h2>Project:</h2>
C:\Users\mostl\OneDrive\Acer R14\Projects\School\Keil v4\347_Project2\347_Project2\WallFollower.uvproj
Project File Date:  11/05/2018

<h2>Output:</h2>
Rebuild target 'WallFollower'
assembling startup.s...
compiling ADCSWTrigger.c...
compiling PLL.c...
compiling UART2.c...
compiling Project2_Main.c...
compiling Nokia5110.c...
linking...
Program Size: Code=5778 RO-data=514 RW-data=272 ZI-data=1152  
".\WallFollower.axf" - 0 Error(s), 0 Warning(s).
Load "C:\\Users\\mostl\\OneDrive\\Acer R14\\Projects\\School\\Keil v4\\347_Project2\\347_Project2\\WallFollower.axf" 
Connecting: Mode=JTAG, Speed=1000000Hz
Erase Done.
Programming Done.
Verify OK.
</pre>
</body>
</html>
4\\Projects\\School\\Keil v4\\347_Project2\\347_Project2\\WallFollower.axf" 
Connecting: Mode=JTAG, Speed=1000000Hz
Erase Done.
Programming Done.
Verify OK.
